2026-08-17 09:43:34 INFO [Case3] 点数=100（I=10 II=20 III=70），展开任务数 M=140
2026-08-17 09:43:34 INFO [Case3] 下界：服务量=2，MST=701.314 km → MST下界=3，N_LB=3
2026-08-17 09:43:39 INFO [Case3] 轨道A N=4 候选起点 15 个
2026-08-17 09:43:39 INFO [Case3] N=4 热启动解未通过约束校验，回退首解策略链
2026-08-17 09:44:39 INFO [Case3] 轨道A 筛选改进（merge_del0_seq）：served=130/140 Tmax=32073 s
2026-08-17 09:44:39 INFO [Case3] N=4 热启动解未通过约束校验，回退首解策略链
2026-08-17 09:45:39 INFO [Case3] N=4 热启动解未通过约束校验，回退首解策略链
2026-08-17 09:46:39 INFO [Case3] N=4 热启动解未通过约束校验，回退首解策略链
2026-08-17 09:47:39 INFO [Case3] N=4 热启动解未通过约束校验，回退首解策略链
2026-08-17 09:48:39 INFO [Case3] N=4 热启动解未通过约束校验，回退首解策略链
2026-08-17 09:49:39 INFO [Case3] N=4 热启动解未通过约束校验，回退首解策略链
2026-08-17 09:50:39 INFO [Case3] N=4 热启动解未通过约束校验，回退首解策略链
2026-08-17 09:51:39 INFO [Case3] N=4 热启动解未通过约束校验，回退首解策略链
2026-08-17 09:52:39 INFO [Case3] N=4 热启动解未通过约束校验，回退首解策略链
2026-08-17 09:53:39 INFO [Case3] N=4 热启动解未通过约束校验，回退首解策略链
2026-08-17 09:54:39 INFO [Case3] N=4 热启动解未通过约束校验，回退首解策略链
2026-08-17 09:55:39 INFO [Case3] N=4 热启动解未通过约束校验，回退首解策略链
2026-08-17 09:56:39 INFO [Case3] N=4 热启动解未通过约束校验，回退首解策略链
2026-08-17 09:57:39 INFO [Case3] N=4 热启动解未通过约束校验，回退首解策略链
2026-08-17 10:03:39 INFO [Case3] 轨道A 精修改进：served=131/140 Tmax=32278 s
2026-08-17 10:08:39 INFO [Case3] 轨道A 精修改进：served=131/140 Tmax=32277 s
2026-08-17 10:13:38 INFO [Case3] 轨道A 精修改进：served=131/140 Tmax=32182 s
2026-08-17 10:13:38 INFO [Case3] 轨道A 结束：served=131/140 Tmax=32182 s（kind=partial）
