问题4：c_A=1.484403e-02 元, c_B=1.675516e-03 元, M_search=100, M_final=2000, M_base=1500, workers=8, base_seed=42
纯A 基线：N90_hat=611, N_safe=617, 成本=9.0697 元
纯B 基线：8000 个球内 p_hat < 0.90（不可行，最高 p_hat = 0.0000）
成本上界 C_ub = 9.0697 元；序列 na_max=613, nb_max=5415
搜索：二分 14 次 fea，最低可行层 C_min=8.9800 元，点估计最优 = (602, 26) 成本 8.9797 元 p_hat=0.9100 (M=100)
警告：最优 (602,26) 验证判定为 crossing（p_hat=0.9100，M=100；点估计最优与置信约束口径不一致，混合方案在验证带内无可靠可行点，真实最优可能高于搜索层）
验证：4869 点 M0=200（最低验证层 8.9797 元，层推进 0.0938 元）；不足 4810，可靠可行 0，跨线 59（跨线点 M=2000 后仍未定者如实报告）
独立复算（新种子）：
  ( 602,   26) 成本 8.9797  p_hat=0.8880 CI=[0.8734, 0.9011] 跨线
  ( 601,   26) 成本 8.9648  p_hat=0.8845 CI=[0.8697, 0.8978] 不足
  ( 603,   26) 成本 8.9945  p_hat=0.8900 CI=[0.8755, 0.9030] 跨线
  ( 602,   25) 成本 8.9780  p_hat=0.8880 CI=[0.8734, 0.9011] 跨线
  ( 602,   27) 成本 8.9813  p_hat=0.8880 CI=[0.8734, 0.9011] 跨线
  ( 611,    0) 成本 9.0697  p_hat=0.9105 CI=[0.8972, 0.9222] 跨线
单调性：违反 0 / 100（0 为通过）
A 跨壁率 0.6085（理论 ~60.08%），B 跨壁率 0.1120（理论 ~11.53%）

===== 问题4 结果 =====
最优数量         : N_A*=602, N_B*=26
体积分数         : φ_A*=0.85%, φ_B*=0.09%, 总计 0.94%
最低成本 C*      : 8.979667 元
最优导通概率     : p_hat=0.9100, Wilson CI = [0.8377, 0.9519] (M=100)
纯A 对照         : (611, 0) 成本 9.0697 元
纯B 对照         : 不可行（球连通效率不足）
总耗时           : 2235.2s

结果已写入 D:\code_warehouse\Projects\shumo2\Q4\results\question4_result.csv / D:\code_warehouse\Projects\shumo2\Q4\results\question4_boundary.csv / D:\code_warehouse\Projects\shumo2\Q4\results\question4_verify.csv / D:\code_warehouse\Projects\shumo2\Q4\results\question4_points.csv
EXIT=0
