问题4：c_A=1.484403e-02 元, c_B=1.675516e-03 元, M_search=100, M_final=4000, M_base=1500, workers=8, base_seed=42
纯A 基线：N90_hat=611, N_safe=617, 成本=9.0697 元
纯B 基线：8000 个球内 p_hat < 0.90（不可行，最高 p_hat = 0.0000）
成本上界 C_ub = 9.0697 元；序列 na_max=619, nb_max=5415
搜索：二分 14 次 fea，最低可行层 C_min=8.9800 元，点估计最优 [PE] = (602, 26) 成本 8.9797 元 p_hat=0.9100 (M=100)
验证更新：保守可靠点成本 9.1588 元，最终最优（主种子）= (617, 0)
验证：3049 点 M0=200（首层 8.9800 元）；不足 3021，可靠可行 1，跨线 27（跨线点升至 M=4000 后仍未定者如实报告）
独立复算（新种子，M=4000，最终判定）：
  ( 607,   21) 成本 9.0455  p_hat=0.9008 CI=[0.8911, 0.9096] 跨线 主种子=crossing(M=0.8871963089367354)
  ( 617,    1) 成本 9.1604  p_hat=0.9210 CI=[0.9122, 0.9290] 可靠 主种子=未评估
  ( 618,    0) 成本 9.1736  p_hat=0.9225 CI=[0.9138, 0.9304] 可靠 主种子=未评估
  ( 605,   39) 成本 9.0460  p_hat=0.8970 CI=[0.8872, 0.9060] 跨线 主种子=crossing(M=0.8843389174360835)
  ( 606,   38) 成本 9.0591  p_hat=0.8992 CI=[0.8895, 0.9082] 跨线 主种子=crossing(M=0.8835599801287923)
  ( 608,   29) 成本 9.0738  p_hat=0.9038 CI=[0.8942, 0.9125] 跨线 主种子=crossing(M=0.8890157265450942)
  ( 611,    0) 成本 9.0697  p_hat=0.9103 CI=[0.9010, 0.9187] 可靠 主种子=crossing(M=0.8934379369399895)
  ( 603,   57) 成本 9.0465  p_hat=0.8912 CI=[0.8812, 0.9005] 跨线 主种子=crossing(M=0.8817430325768879)
  ( 609,   12) 成本 9.0601  p_hat=0.9065 CI=[0.8971, 0.9151] 跨线 主种子=crossing(M=0.8884958059471086)
  ( 610,   11) 成本 9.0733  p_hat=0.9085 CI=[0.8992, 0.9170] 跨线 主种子=crossing(M=0.8926571649438271)
  ( 606,   22) 成本 9.0323  p_hat=0.8992 CI=[0.8895, 0.9082] 跨线 主种子=crossing(M=0.8871963089367354)
  ( 608,   13) 成本 9.0469  p_hat=0.9038 CI=[0.8942, 0.9125] 跨线 主种子=crossing(M=0.8897957393622715)
  ( 604,   64) 成本 9.0730  p_hat=0.8950 CI=[0.8851, 0.9041] 跨线 主种子=crossing(M=0.8817430325768879)
  ( 617,    0) 成本 9.1588  p_hat=0.9210 CI=[0.9122, 0.9290] 可靠 主种子=reliable(M=0.9041260499188938)
  ( 607,   29) 成本 9.0589  p_hat=0.9008 CI=[0.8911, 0.9096] 跨线 主种子=crossing(M=0.885118004031669)
  ( 605,   47) 成本 9.0594  p_hat=0.8970 CI=[0.8872, 0.9060] 跨线 主种子=crossing(M=0.8822620792849006)
  ( 611,    2) 成本 9.0731  p_hat=0.9103 CI=[0.9010, 0.9187] 可靠 主种子=crossing(M=0.8952603923752509)
  ( 606,   46) 成本 9.0726  p_hat=0.8992 CI=[0.8895, 0.9082] 跨线 主种子=crossing(M=0.8848582918257427)
  ( 609,   20) 成本 9.0735  p_hat=0.9065 CI=[0.8971, 0.9151] 跨线 主种子=crossing(M=0.8903158365319537)
  ( 607,   13) 成本 9.0321  p_hat=0.9008 CI=[0.8911, 0.9096] 跨线 主种子=crossing(M=0.8890157265450942)
  ( 604,   48) 成本 9.0462  p_hat=0.8950 CI=[0.8851, 0.9041] 跨线 主种子=crossing(M=0.8825216268887314)
  ( 606,   30) 成本 9.0457  p_hat=0.8992 CI=[0.8895, 0.9082] 跨线 主种子=crossing(M=0.8856374787281953)
  ( 608,   21) 成本 9.0604  p_hat=0.9038 CI=[0.8942, 0.9125] 跨线 主种子=crossing(M=0.8874561737657667)
  ( 609,    4) 成本 9.0467  p_hat=0.9065 CI=[0.8971, 0.9151] 跨线 主种子=crossing(M=0.8908360051515638)
  ( 607,   37) 成本 9.0723  p_hat=0.9008 CI=[0.8911, 0.9096] 跨线 主种子=crossing(M=0.8871963089367354)
  ( 610,    3) 成本 9.0599  p_hat=0.9085 CI=[0.8992, 0.9170] 跨线 主种子=crossing(M=0.8905759118807802)
  ( 605,   55) 成本 9.0728  p_hat=0.8970 CI=[0.8872, 0.9060] 跨线 主种子=crossing(M=0.8833003672948437)
  ( 616,    0) 成本 9.1439  p_hat=0.9190 CI=[0.9101, 0.9271] 可靠 主种子=未评估
  ( 603,   73) 成本 9.0733  p_hat=0.8912 CI=[0.8812, 0.9005] 跨线 主种子=crossing(M=0.8809645830293532)
  ( 608,    5) 成本 9.0335  p_hat=0.9038 CI=[0.8942, 0.9125] 跨线 主种子=crossing(M=0.8905759118807802)
  ( 604,   56) 成本 9.0596  p_hat=0.8950 CI=[0.8851, 0.9041] 跨线 主种子=crossing(M=0.8807051317900759)
最终答案（独立种子可靠）: (611, 0) 成本 9.0697 元
单调性：违反 0 / 100（0 为通过）
A 跨壁率 0.6085（理论 ~60.08%），B 跨壁率 0.1120（理论 ~11.53%）

===== 问题4 结果 =====
最终答案（verify 种子，M=4000 判定 reliable）: N_A*=611, N_B*=0
体积分数         : φ_A*=0.86%, φ_B*=0.00%, 总计 0.86%
最低成本 C*      : 9.069699 元
导通概率(判定源) : p_hat=0.9103, Wilson CI = [0.9010, 0.9187] (M=4000)
点估计最优 [PE]  : (617, 0) 成本 9.1588 元 p_hat=0.9133 (M=4000)
纯A 对照         : (611, 0) 成本 9.0697 元
纯B 对照         : 不可行（球连通效率不足）
保守最优（主种子下界≥90%）: (617, 0) 成本 9.1588 元
验证             : 3049 点，不足 3021，可靠 1，跨线 27
总耗时           : 1821.3s

结果已写入 D:\code_warehouse\Projects\shumo2\Q4\results\question4_result.csv / D:\code_warehouse\Projects\shumo2\Q4\results\question4_boundary.csv / D:\code_warehouse\Projects\shumo2\Q4\results\question4_verify.csv / D:\code_warehouse\Projects\shumo2\Q4\results\question4_points.csv
